!CATEGORY
!CMDLINE
!COLOUR
!HELP
!HISTORY
!KEYWORDS
!LDCAD
!LDRAW_ORG
!LEOCAD
!LICENSE
!LPUB
!MLCAD
!SYNTH
!THEME
~MOVED TO
ABS
ADD
ADJUST_ON_ITEM_OFFSET
ALLOC
ANNOTATE
ANNOTATION
APP_PLUG
APP_PLUG_IMAGE
AREA
ARROW
ASPECT
ASSEM
AT_MODEL
AT_STEP
AT_TOP
ATTRIBUTE_PIXMAP
ATTRIBUTE_TEXT
Author:
AXLE
BACK
BACKGROUND
BASE_BOTTOM
BASE_LEFT
BASE_RIGHT
BASE_TOP
BEAM
BEGIN
BFC
BOM
BORDER
BOTTOM
BOTTOM_LEFT
BOTTOM_RIGHT
BRICKLINK
BRING_TO_FRONT
BTG
BUFEXCHG
CABLE
CALLOUT
CALLOUT_BACKGROUND
CALLOUT_INSTANCE
CALLOUT_POINTER
CALLOUT_UNDERPINNING
CAMERA_ANGLES
CAMERA_DISTANCE
CAMERA_DISTANCE_NATIVE
CAMERA_FOV
CAMERA_NAME
CAMERA_ORTHOGRAPHIC
CAMERA_TARGET
CAMERA_ZFAR
CAMERA_ZNEAR
CENTER
CIRCLE_STYLE
CLEAR
COLOR
COLS
CONFIG
CONNECTOR
CONSOLIDATE_INSTANCE_COUNT
CONSTRAIN
CONTENT
CONTINUOUS_STEP_NUMBERS
COVER_PAGE
CROSS
CSI_ANNOTATION
CSI_ANNOTATION_PART
CUSTOM
CUSTOM_LENGTH
DISPLAY
DISPLAY_PAGE_NUMBER
DIVIDER
DIVIDER_ITEM
DIVIDER_LINE
DIVIDER_POINTER
DIVIDER_POINTER_ATTRIBUTE
DOCUMENT_AUTHOR
DOCUMENT_AUTHOR_BACK
DOCUMENT_AUTHOR_FRONT
DOCUMENT_COVER_IMAGE
DOCUMENT_LOGO_BACK
DOCUMENT_LOGO_FRONT
DOCUMENT_TITLE_BACK
DOCUMENT_TITLE_FRONT
DPCM
DPI
ELEMENT
ELEMENT_STYLE
ENABLE_STYLE
ENABLE_TEXT_PLACEMENT
END
EXTENDED
FACTOR
FADE
FADE_COLOR
FADE_OPACITY
FADE_STEP
FALSE
FILE
FILL
FIXED_ANNOTATIONS
FONT
FONT_COLOR
FREEFORM
FRONT
GLOBAL
GRABBER
GRADIENT
GROUP
GROUP_NXT
HEIGHT
HIDDEN
HIDE
HIGHLIGHT
HIGHLIGHT_COLOR
HIGHLIGHT_LINE_WIDTH
HIGHLIGHT_STEP
HORIZONTAL
HOSE
RICH_TEXT
ICON
IGN
IMAGE_SIZE
INCLUDE
INCLUDE_SUBMODELS
INSERT
INSIDE
INSTANCE_COUNT
JUSTIFY_CENTER
JUSTIFY_CENTER_HORIZONTAL
JUSTIFY_CENTER_VERTICAL
JUSTIFY_LEFT
LANDSCAPE
LDCAD
LDGLITE_PARMS
LDRAW_ORG
LDVIEW_PARMS
LEFT
LEGO
LEGO_DISCLAIMER
LEOCAD
LINE
LOCAL
LOCAL_LEGO_ELEMENTS_FILE
LPUB
MARGINS
MLCAD
MODEL
MODEL_CATEGORY
MODEL_DESCRIPTION
MODEL_ID
MODEL_PARTS
MODEL_SCALE
MODEL_STEP_NUMBER
MULTI_STEP
MULTI_STEPS
NAME
Name:
NOFILE
NONE
NOSTEP
NUMBER
OFFICIAL
OFFSET
ORIENTATION
ORIGINAL LDRAW
OUTIDE
OUTSIDE
PAGE
PAGE_FOOTER
PAGE_HEADER
PAGE_NUMBER
PAGE_POINTER
PANEL
PART
PART_ELEMENTS
PART_GROUP
PART_GROUP_ENABLE
PAUSE
PER_STEP
PICTURE
PLACEMENT
PLI
PLI_ANNOTATION
PLI_GRABBER
PLI_INSTANCE
PLI_PART
PLI_PART_GROUP
PLIST
POINTER
POINTER_ATTRIBUTE
POINTER_BASE
POINTER_GRABBER
POINTER_HEAD
POINTER_SEG_FIRST
POINTER_SEG_SECOND
POINTER_SEG_THIRD
PORTRAIT
POVRAY_PARMS
PRIMARY
PRIMARY_DIRECTION
PRINT
PUBLISH_COPYRIGHT
PUBLISH_COPYRIGHT_BACK
PUBLISH_DESCRIPTION
PUBLISH_EMAIL
PUBLISH_EMAIL_BACK
PUBLISH_URL
PUBLISH_URL_BACK
RECTANGLE_STYLE
REL
REMOVE
RESERVE
RESOLUTION
RETRIEVE
RIGHT
ROTATE_ICON
ROTATION
ROTSTEP
ROTSTEP END
ROUND
SAVE
SCALE
SCENE
SCENE_OBJECT
SECONDARY
SECONDARY_DIRECTION
SEND_TO_BACK
SEPARATOR
SEPARATORPAGE
SEPARATORPAGE_LENGTH
SHOW
SHOW_INSTANCE_COUNT
SHOW_STEP
SHOW_STEP_NUM
SHOW_STEP_NUMBER
SHOW_SUBMODEL_IN_CALLOUT
SHOW_TOP_MODEL
SIZE
SKIP_BEGIN
SKIP_END
SORT
SORT_BY
SORT_OPTION
SORT_ORDER
SQUARE
SQUARE_STYLE
STEP
STEP_NUMBER
STEP_PLI
STEP_RECTANGLE
STEP_SIZE
STEPS
STORE
STRETCH
STUD_LOGO
STYLE
SUB
SUBMODEL_BACKGROUND_COLOR
SUBMODEL_DISPLAY
SUBMODEL_FONT
SUBMODEL_FONT_COLOR
SUBMODEL_GRABBER
SUBMODEL_INST_COUNT
SUBMODEL_INSTANCE
SUBMODEL_INSTANCE_COUNT
SUBMODEL_INSTANCE_COUNT_OVERRIDE
SUBMODEL_ROTATION
SYNTH
SYNTHESIZED
TERTIARY
TERTIARY_DIRECTION
TEXT
TEXT_PLACEMENT
TILE
THICKNESS
TOGGLE_PAGE_NUMBER_PLACEMENT
TOP
TOP_LEFT
TOP_RIGHT
TRANSPARENT
TRUE
UNOFFICIAL
UN-OFFICIAL
Unofficial Model
USE_FADE_COLOR
USE_FREE_FORM
USE_TITLE
USE_TITLE_AND_FREE_FORM
VERTICAL
VIEW_ANGLE
WHOLE
WIDTH
WRITE
Z_VALUE
